TLC2 Version 2.19 of 08 August 2024 (rev: 5a47802)
Warning: Please run the Java VM which executes TLC with a throughput optimized garbage collector by passing the "-XX:+UseParallelGC" property.
(Use the -nowarning option to disable this warning.)
Running breadth-first search Model-Checking with fp 106 and seed -6585101602158154991 with 4 workers on 8 cores with 3982MB heap and 64MB offheap memory [pid: 44428] (Linux 6.12.107+deb13-amd64 amd64, Eclipse Adoptium 21.0.12.1 x86_64, MSBDiskFPSet, DiskStateQueue).
Parsing file /home/simho/projects/maia-board/spec/Batch.tla
Parsing file /tmp/Naturals.tla
Parsing file /tmp/Sequences.tla
Parsing file /tmp/FiniteSets.tla
Parsing file /tmp/TLC.tla
Semantic processing of module Naturals
Semantic processing of module Sequences
Semantic processing of module FiniteSets
Semantic processing of module TLC
Semantic processing of module Batch
Starting... (2026-09-23 16:05:43)
Computing initial states...
Finished computing initial states: 1 distinct state generated at 2026-09-23 16:05:43.
Progress(15) at 2026-09-23 16:05:46: 922,965 states generated (922,965 s/min), 212,981 distinct states found (212,981 ds/min), 38,682 states left on queue.
Model checking completed. No error has been found.
  Estimates of the probability that TLC did not check all reachable states
  because two distinct states had the same fingerprint:
  calculated (optimistic):  val = 3.0E-8
  based on the actual fingerprints:  val = 1.4E-7
1887958 states generated, 358621 distinct states found, 0 states left on queue.
The depth of the complete state graph search is 31.
The average outdegree of the complete state graph is 1 (minimum is 0, the maximum 16 and the 95th percentile is 3).
Finished in 05s at (2026-09-23 16:05:48)
