TLC2 Version 2.19 of 08 August 2024 (rev: 5a47802)
Warning: Please run the Java VM which executes TLC with a throughput optimized garbage collector by passing the "-XX:+UseParallelGC" property.
(Use the -nowarning option to disable this warning.)
Running breadth-first search Model-Checking with fp 129 and seed 594055866347627222 with 4 workers on 8 cores with 3982MB heap and 64MB offheap memory [pid: 43965] (Linux 6.12.107+deb13-amd64 amd64, Eclipse Adoptium 21.0.12.1 x86_64, MSBDiskFPSet, DiskStateQueue).
Parsing file /home/simho/projects/maia-board/spec/Scheduler.tla
Parsing file /tmp/Naturals.tla
Parsing file /tmp/Sequences.tla
Parsing file /tmp/FiniteSets.tla
Parsing file /tmp/TLC.tla
Semantic processing of module Naturals
Semantic processing of module Sequences
Semantic processing of module FiniteSets
Semantic processing of module TLC
Semantic processing of module Scheduler
Starting... (2026-09-23 16:00:25)
Computing initial states...
Finished computing initial states: 1 distinct state generated at 2026-09-23 16:00:25.
Progress(8) at 2026-09-23 16:00:28: 3,726,529 states generated (3,726,529 s/min), 199,398 distinct states found (199,398 ds/min), 142,615 states left on queue.
Progress(12) at 2026-09-23 16:01:28: 102,402,370 states generated (98,675,841 s/min), 2,586,460 distinct states found (2,387,062 ds/min), 995,925 states left on queue.
Progress(12) at 2026-09-23 16:02:28: 203,836,946 states generated (101,434,576 s/min), 4,146,159 distinct states found (1,559,699 ds/min), 966,108 states left on queue.
Progress(13) at 2026-09-23 16:03:28: 295,421,505 states generated (91,584,559 s/min), 5,626,392 distinct states found (1,480,233 ds/min), 1,012,122 states left on queue.
Progress(14) at 2026-09-23 16:04:28: 391,310,526 states generated (95,889,021 s/min), 6,709,632 distinct states found (1,083,240 ds/min), 587,493 states left on queue.
Model checking completed. No error has been found.
  Estimates of the probability that TLC did not check all reachable states
  because two distinct states had the same fingerprint:
  calculated (optimistic):  val = 1.6E-4
  based on the actual fingerprints:  val = 1.8E-7
433332673 states generated, 6789120 distinct states found, 0 states left on queue.
The depth of the complete state graph search is 14.
The average outdegree of the complete state graph is 1 (minimum is 0, the maximum 31 and the 95th percentile is 6).
Finished in 04min 28s at (2026-09-23 16:04:53)
